// Jest Snapshot v1, https://goo.gl/fbAQLP

exports[`NavBar suite renders correctly 1`] = `
<div
  class="makeStyles-navBar-1"
>
  <div>
    <button
      aria-label="toggle menu"
      class="MuiButtonBase-root MuiIconButton-root"
      data-testid="toggle-sidemenu-button"
      tabindex="0"
      type="button"
    >
      <span
        class="MuiIconButton-label"
      >
        <svg
          aria-hidden="true"
          class="MuiSvgIcon-root MuiSvgIcon-colorSecondary"
          focusable="false"
          viewBox="0 0 24 24"
        >
          <path
            d="M3 18h18v-2H3v2zm0-5h18v-2H3v2zm0-7v2h18V6H3z"
          />
        </svg>
      </span>
      <span
        class="MuiTouchRipple-root"
      />
    </button>
    <div
      class="PrivateSwipeArea-root-14 PrivateSwipeArea-anchorLeft-15"
      style="width: 20px;"
    />
  </div>
  <h1
    class="MuiTypography-root makeStyles-siteNameMobile-7 MuiTypography-h5 MuiTypography-colorTextSecondary"
  >
    P
  </h1>
  <h1
    class="MuiTypography-root makeStyles-siteName-6 MuiTypography-h5 MuiTypography-colorTextSecondary"
  >
    PDP project
  </h1>
  <div
    aria-expanded="false"
    class="makeStyles-search-8"
    data-testid="autocomplete"
    role="combobox"
  >
    <div
      class="makeStyles-searchIcon-9"
    >
      <svg
        aria-hidden="true"
        class="MuiSvgIcon-root"
        focusable="false"
        viewBox="0 0 24 24"
      >
        <path
          d="M15.5 14h-.79l-.28-.27C15.41 12.59 16 11.11 16 9.5 16 5.91 13.09 3 9.5 3S3 5.91 3 9.5 5.91 16 9.5 16c1.61 0 3.09-.59 4.23-1.57l.27.28v.79l5 4.99L20.49 19l-4.99-5zm-6 0C7.01 14 5 11.99 5 9.5S7.01 5 9.5 5 14 7.01 14 9.5 11.99 14 9.5 14z"
        />
      </svg>
    </div>
    <div
      aria-autocomplete="list"
      aria-expanded="true"
      autocapitalize="none"
      class="MuiInputBase-root makeStyles-inputRoot-10 Mui-focused"
      role="combobox"
      spellcheck="false"
    >
      <input
        aria-label="search"
        autocomplete="off"
        class="MuiInputBase-input makeStyles-inputInput-11"
        data-testid="search-input"
        id="search-input"
        placeholder="Search..."
        type="text"
        value=""
      />
    </div>
  </div>
</div>
`;
